$ turbo build  --filter nextjs
• Packages in scope: @saasfly/nextjs
• Running build in 1 packages
• Remote caching disabled
@saasfly/nextjs:build: cache miss, executing 84e2ff657d1bdaad
@saasfly/nextjs:build: $ contentlayer2 build && bun with-env next build
@saasfly/nextjs:build: Generated 9 documents in .contentlayer
@saasfly/nextjs:build: $ dotenv -e ../../.env.local -- next build
@saasfly/nextjs:build:    ▲ Next.js 15.0.3
@saasfly/nextjs:build:    - Environments: .env.local
@saasfly/nextjs:build:    - Experiments (use with caution):
@saasfly/nextjs:build:      · turbo
@saasfly/nextjs:build: 
@saasfly/nextjs:build:    Creating an optimized production build ...
@saasfly/nextjs:build: Failed to compile.
@saasfly/nextjs:build: 
@saasfly/nextjs:build: ./src/app/[lang]/(dashboard)/dashboard/plan/page.tsx
@saasfly/nextjs:build: Error:   [31mx[0m Expected ';', '}' or <eof>
@saasfly/nextjs:build:      ,-[[36;1;4m/adaptai/projects/mybizai/apps/nextjs/src/app/[lang]/(dashboard)/dashboard/plan/page.tsx[0m:1:1]
@saasfly/nextjs:build:  [2m  1[0m | [35;1m,[0m[35;1m-[0m[35;1m>[0m ```javascript
@saasfly/nextjs:build:  [2m  2[0m | [35;1m|[0m   "use client";
@saasfly/nextjs:build:  [2m  3[0m | [35;1m|[0m   
@saasfly/nextjs:build:  [2m  4[0m | [35;1m|[0m   import { useState, useRef, useEffect } from "react";
@saasfly/nextjs:build:  [2m  5[0m | [35;1m|[0m   import { BusinessPlanEditor } from "@/components/editor/business-plan-editor";
@saasfly/nextjs:build:  [2m  6[0m | [35;1m|[0m   import { Button } from "@/components/ui/button";
@saasfly/nextjs:build:  [2m  7[0m | [35;1m|[0m   import { useBrainstormStore } from "@/stores/brainstorm-store";
@saasfly/nextjs:build:  [2m  8[0m | [35;1m|[0m   import { Loader2, Sparkles, Printer } from "lucide-react";
@saasfly/nextjs:build:  [2m  9[0m | [35;1m|[0m   import { useBusinessPlanStore } from "@/stores/business-plan-store";
@saasfly/nextjs:build:  [2m 10[0m | [35;1m|[0m   import { useReactToPrint } from "react-to-print";
@saasfly/nextjs:build:  [2m 11[0m | [35;1m|[0m   
@saasfly/nextjs:build:  [2m 12[0m | [35;1m|[0m   const SECTIONS = [
@saasfly/nextjs:build:  [2m 13[0m | [35;1m|[0m     { id: "executive-summary", title: "Executive Summary" },
@saasfly/nextjs:build:  [2m 14[0m | [35;1m|[0m     { id: "company-overview", title: "Company Overview" },
@saasfly/nextjs:build:  [2m 15[0m | [35;1m|[0m     { id: "market-analysis", title: "Market Analysis" },
@saasfly/nextjs:build:  [2m 16[0m | [35;1m|[0m     { id: "products-services", title: "Products & Services" },
@saasfly/nextjs:build:  [2m 17[0m | [35;1m|[0m     { id: "marketing-strategy", title: "Marketing Strategy" },
@saasfly/nextjs:build:  [2m 18[0m | [35;1m|[0m     { id: "financial-plan", title: "Financial Plan" },
@saasfly/nextjs:build:  [2m 19[0m | [35;1m|[0m   ];
@saasfly/nextjs:build:  [2m 20[0m | [35;1m|[0m   
@saasfly/nextjs:build:  [2m 21[0m | [35;1m|[0m   export default function BusinessPlanPage() {
@saasfly/nextjs:build:  [2m 22[0m | [35;1m|[0m     const [activeSection, setActiveSection] = useState(SECTIONS[0].id);
@saasfly/nextjs:build:  [2m 23[0m | [35;1m|[0m     const [isDrafting, setIsDrafting] = useState(false);
@saasfly/nextjs:build:  [2m 24[0m | [35;1m|[0m     const { session } = useBrainstormStore();
@saasfly/nextjs:build:  [2m 25[0m | [35;1m|[0m     const { updateSection, setPlanId, setSections } = useBusinessPlanStore();
@saasfly/nextjs:build:  [2m 26[0m | [35;1m|[0m     
@saasfly/nextjs:build:  [2m 27[0m | [35;1m|[0m     const printRef = useRef(null);
@saasfly/nextjs:build:  [2m 28[0m | [35;1m|[0m     const handlePrint = useReactToPrint({
@saasfly/nextjs:build:  [2m 29[0m | [35;1m|[0m       content: () => printRef.current,
@saasfly/nextjs:build:  [2m 30[0m | [35;1m|[0m       documentTitle: "My Business Plan",
@saasfly/nextjs:build:  [2m 31[0m | [35;1m|[0m     });
@saasfly/nextjs:build:  [2m 32[0m | [35;1m|[0m   
@saasfly/nextjs:build:  [2m 33[0m | [35;1m|[0m     useEffect(() => {
@saasfly/nextjs:build:  [2m 34[0m | [35;1m|[0m       const fetchPlan = async () => {
@saasfly/nextjs:build:  [2m 35[0m | [35;1m|[0m         try {
@saasfly/nextjs:build:  [2m 36[0m | [35;1m|[0m           // Try to find existing plan
@saasfly/nextjs:build:  [2m 37[0m | [35;1m|[0m           const res = await fetch("/api/business-plans");
@saasfly/nextjs:build:  [2m 38[0m | [35;1m|[0m           const plan = await res.json();
@saasfly/nextjs:build:  [2m 39[0m | [35;1m|[0m   
@saasfly/nextjs:build:  [2m 40[0m | [35;1m|[0m           if (plan) {
@saasfly/nextjs:build:  [2m 41[0m | [35;1m|[0m             setPlanId(plan.id);
@saasfly/nextjs:build:  [2m 42[0m | [35;1m|[0m             if (plan.content) {
@saasfly/nextjs:build:  [2m 43[0m | [35;1m|[0m               setSections(plan.content as Record<string, any>);
@saasfly/nextjs:build:  [2m 44[0m | [35;1m|[0m             }
@saasfly/nextjs:build:  [2m 45[0m | [35;1m|[0m           } else {
@saasfly/nextjs:build:  [2m 46[0m | [35;1m|[0m             // Create new plan if none exists
@saasfly/nextjs:build:  [2m 47[0m | [35;1m|[0m             const createRes = await fetch("/api/business-plans", {
@saasfly/nextjs:build:  [2m 48[0m | [35;1m|[0m               method: "POST",
@saasfly/nextjs:build:  [2m 49[0m | [35;1m|[0m               headers: { "Content-Type": "application/json" },
@saasfly/nextjs:build:  [2m 50[0m | [35;1m|[0m               body: JSON.stringify({ 
@saasfly/nextjs:build:  [2m 51[0m | [35;1m|[0m                   title: session?.idea?.name || "My Business Plan",
@saasfly/nextjs:build:  [2m 52[0m | [35;1m|[0m                   content: {} 
@saasfly/nextjs:build:  [2m 53[0m | [35;1m|[0m               }),
@saasfly/nextjs:build:  [2m 54[0m | [35;1m|[0m             });
@saasfly/nextjs:build:  [2m 55[0m | [35;1m|[0m             const newPlan = await createRes.json();
@saasfly/nextjs:build:  [2m 56[0m | [35;1m|[0m             setPlanId(newPlan.id);
@saasfly/nextjs:build:  [2m 57[0m | [35;1m|[0m           }
@saasfly/nextjs:build:  [2m 58[0m | [35;1m|[0m         } catch (error) {
@saasfly/nextjs:build:  [2m 59[0m | [35;1m|[0m           console.error("Failed to fetch/create plan", error);
@saasfly/nextjs:build:  [2m 60[0m | [35;1m|[0m         }
@saasfly/nextjs:build:  [2m 61[0m | [35;1m|[0m       };
@saasfly/nextjs:build:  [2m 62[0m | [35;1m|[0m   
@saasfly/nextjs:build:  [2m 63[0m | [35;1m|[0m       fetchPlan();
@saasfly/nextjs:build:  [2m 64[0m | [35;1m|[0m     }, [setPlanId, setSections, session?.idea?.name]);
@saasfly/nextjs:build:  [2m 65[0m | [35;1m|[0m   
@saasfly/nextjs:build:  [2m 66[0m | [35;1m|[0m       const handleDraftSection = async () => {
@saasfly/nextjs:build:  [2m 67[0m | [35;1m|[0m           if (!session?.idea) return;
@saasfly/nextjs:build:  [2m 68[0m | [35;1m|[0m   
@saasfly/nextjs:build:  [2m 69[0m | [35;1m|[0m           setIsDrafting(true);
@saasfly/nextjs:build:  [2m 70[0m | [35;1m|[0m           try {
@saasfly/nextjs:build:  [2m 71[0m | [35;1m|[0m               const response = await fetch("/api/ai/draft-plan", {
@saasfly/nextjs:build:  [2m 72[0m | [35;1m|[0m                   method: "POST",
@saasfly/nextjs:build:  [2m 73[0m | [35;1m|[0m                   headers: { "Content-Type": "application/json" },
@saasfly/nextjs:build:  [2m 74[0m | [35;1m|[0m                   body: JSON.stringify({
@saasfly/nextjs:build:  [2m 75[0m | [35;1m|[0m                       sectionName: SECTIONS.find(s => s.id === activeSection)?.title,
@saasfly/nextjs:build:  [2m 76[0m | [35;1m|[0m                       context: session.idea
@saasfly/nextjs:build:  [2m 77[0m | [35;1m|[0m                   }),
@saasfly/nextjs:build:  [2m 78[0m | [35;1m|[0m               });
@saasfly/nextjs:build:  [2m 79[0m | [35;1m|[0m   
@saasfly/nextjs:build:  [2m 80[0m | [35;1m|[0m               const data = await response.json();
@saasfly/nextjs:build:  [2m 81[0m | [35;1m|[0m               if (data.content) {
@saasfly/nextjs:build:  [2m 82[0m | [35;1m|[0m                   updateSection(activeSection, data.content);
@saasfly/nextjs:build:  [2m 83[0m | [35;1m|[0m               }
@saasfly/nextjs:build:  [2m 84[0m | [35;1m|[0m           } catch (error) {
@saasfly/nextjs:build:  [2m 85[0m | [35;1m|[0m               console.error("Failed to draft section", error);
@saasfly/nextjs:build:  [2m 86[0m | [35;1m|[0m           } finally {
@saasfly/nextjs:build:  [2m 87[0m | [35;1m|[0m               setIsDrafting(false);
@saasfly/nextjs:build:  [2m 88[0m | [35;1m|[0m           }
@saasfly/nextjs:build:  [2m 89[0m | [35;1m|[0m       };
@saasfly/nextjs:build:  [2m 90[0m | [35;1m|[0m   
@saasfly/nextjs:build:  [2m 91[0m | [35;1m|[0m       return (
@saasfly/nextjs:build:  [2m 92[0m | [35;1m|[0m           <div className="flex h-full">
@saasfly/nextjs:build:  [2m 93[0m | [35;1m|[0m               {/* Sidebar */}
@saasfly/nextjs:build:  [2m 94[0m | [35;1m|[0m               <div className="w-64 border-r bg-gray-50 dark:bg-gray-900 p-4 flex flex-col">
@saasfly/nextjs:build:  [2m 95[0m | [35;1m|[0m                   <h2 className="font-semibold mb-4 text-lg">Plan Sections</h2>
@saasfly/nextjs:build:  [2m 96[0m | [35;1m|[0m                   <div className="space-y-1 flex-1">
@saasfly/nextjs:build:  [2m 97[0m | [35;1m|[0m                       {SECTIONS.map((section) => (
@saasfly/nextjs:build:  [2m 98[0m | [35;1m|[0m                           <button
@saasfly/nextjs:build:  [2m 99[0m | [35;1m|[0m                               key={section.id}
@saasfly/nextjs:build:  [2m100[0m | [35;1m|[0m                               onClick={() => setActiveSection(section.id)}
@saasfly/nextjs:build:  [2m101[0m | [35;1m|[0m[35;1m-[0m[35;1m>[0m                             className={`w - full text - left px - 3 py - 2 rounded - md text - sm transition - colors ${
@saasfly/nextjs:build:      : [35;1m`[0m[35;1m---[0m[33;1m                                        ^[0m
@saasfly/nextjs:build:      : [35;1m`[0m[35;1m---[0m[35;1m-[0m [35;1mThis is the expression part of an expression statement[0m
@saasfly/nextjs:build:  [2m102[0m |         activeSection === section.id
@saasfly/nextjs:build:  [2m103[0m |             ? "bg-primary text-primary-foreground font-medium shadow-sm"
@saasfly/nextjs:build:  [2m104[0m |             : "hover:bg-gray-200 dark:hover:bg-gray-800 text-gray-700 dark:text-gray-300"
@saasfly/nextjs:build:      `----
@saasfly/nextjs:build: 
@saasfly/nextjs:build: Caused by:
@saasfly/nextjs:build:     Syntax Error
@saasfly/nextjs:build: 
@saasfly/nextjs:build: Import trace for requested module:
@saasfly/nextjs:build: ./src/app/[lang]/(dashboard)/dashboard/plan/page.tsx
@saasfly/nextjs:build: 
@saasfly/nextjs:build: ./src/app/admin/login/page.tsx
@saasfly/nextjs:build: Error:   [31mx[0m Unexpected token `div`. Expected jsx identifier
@saasfly/nextjs:build:     ,-[[36;1;4m/adaptai/projects/mybizai/apps/nextjs/src/app/admin/login/page.tsx[0m:18:1]
@saasfly/nextjs:build:  [2m15[0m |   const [isGitHubLoading, setIsGitHubLoading] = React.useState<boolean>(false);
@saasfly/nextjs:build:  [2m16[0m | 
@saasfly/nextjs:build:  [2m17[0m |   return (
@saasfly/nextjs:build:  [2m18[0m |     <div className="container flex h-screen w-screen flex-col items-center justify-center">
@saasfly/nextjs:build:     : [35;1m     ^^^[0m
@saasfly/nextjs:build:  [2m19[0m |       {/*<Link*/}
@saasfly/nextjs:build:  [2m20[0m |       {/*  href={`/${lang}`}*/}
@saasfly/nextjs:build:  [2m21[0m |       {/*  className={cn(*/}
@saasfly/nextjs:build:     `----
@saasfly/nextjs:build: 
@saasfly/nextjs:build: Caused by:
@saasfly/nextjs:build:     Syntax Error
@saasfly/nextjs:build: 
@saasfly/nextjs:build: Import trace for requested module:
@saasfly/nextjs:build: ./src/app/admin/login/page.tsx
@saasfly/nextjs:build: 
@saasfly/nextjs:build: ./src/app/api/business-plan/[id]/route.ts
@saasfly/nextjs:build: Module not found: Can't resolve '~/server/db'
@saasfly/nextjs:build: 
@saasfly/nextjs:build: https://nextjs.org/docs/messages/module-not-found
@saasfly/nextjs:build: 
@saasfly/nextjs:build: ./src/app/api/business-plans/route.ts
@saasfly/nextjs:build: Module not found: Can't resolve '~/server/db'
@saasfly/nextjs:build: 
@saasfly/nextjs:build: https://nextjs.org/docs/messages/module-not-found
@saasfly/nextjs:build: 
@saasfly/nextjs:build: ./src/services/ai/minimax-service.ts:108:26
@saasfly/nextjs:build: Module not found: Can't resolve 'fs'
@saasfly/nextjs:build:   106 |         const data = await response.json();
@saasfly/nextjs:build:   107 |         // Log success
@saasfly/nextjs:build: > 108 |         const fs = await import('fs');
@saasfly/nextjs:build:       |                          ^
@saasfly/nextjs:build:   109 |         fs.appendFileSync('debug.log', `[${new Date().toISOString()}] MiniMax Success: ${JSON.stringify(data)}\n`);
@saasfly/nextjs:build:   110 |
@saasfly/nextjs:build:   111 |         // Handle MiniMax/Anthropic response structure
@saasfly/nextjs:build: 
@saasfly/nextjs:build: https://nextjs.org/docs/messages/module-not-found
@saasfly/nextjs:build: 
@saasfly/nextjs:build: Import trace for requested module:
@saasfly/nextjs:build: ./src/app/api/ai/draft-plan/route.ts
@saasfly/nextjs:build: ./node_modules/next/dist/build/webpack/loaders/next-edge-app-route-loader/index.js?absolutePagePath=private-next-app-dir%2Fapi%2Fai%2Fdraft-plan%2Froute.ts&page=%2Fapi%2Fai%2Fdraft-plan%2Froute&appDirLoader=bmV4dC1hcHAtbG9hZGVyP25hbWU9YXBwJTJGYXBpJTJGYWklMkZkcmFmdC1wbGFuJTJGcm91dGUmcGFnZT0lMkZhcGklMkZhaSUyRmRyYWZ0LXBsYW4lMkZyb3V0ZSZwYWdlUGF0aD1wcml2YXRlLW5leHQtYXBwLWRpciUyRmFwaSUyRmFpJTJGZHJhZnQtcGxhbiUyRnJvdXRlLnRzJmFwcERpcj0lMkZhZGFwdGFpJTJGcHJvamVjdHMlMkZteWJpemFpJTJGYXBwcyUyRm5leHRqcyUyRnNyYyUyRmFwcCZhcHBQYXRocz0lMkZhcGklMkZhaSUyRmRyYWZ0LXBsYW4lMkZyb3V0ZSZwYWdlRXh0ZW5zaW9ucz10cyZwYWdlRXh0ZW5zaW9ucz10c3gmcGFnZUV4dGVuc2lvbnM9bWR4JmJhc2VQYXRoPSZhc3NldFByZWZpeD0mbmV4dENvbmZpZ091dHB1dD1zdGFuZGFsb25lJmZseWluZ1NodXR0bGU9ZmFsc2UmcHJlZmVycmVkUmVnaW9uPSZtaWRkbGV3YXJlQ29uZmlnPWUzMCUzRCE%3D&nextConfig=eyJlbnYiOnt9LCJlc2xpbnQiOnsiaWdub3JlRHVyaW5nQnVpbGRzIjp0cnVlfSwidHlwZXNjcmlwdCI6eyJpZ25vcmVCdWlsZEVycm9ycyI6dHJ1ZSwidHNjb25maWdQYXRoIjoidHNjb25maWcuanNvbiJ9LCJkaXN0RGlyIjoiLm5leHQiLCJjbGVhbkRpc3REaXIiOnRydWUsImFzc2V0UHJlZml4IjoiIiwiY2FjaGVNYXhNZW1vcnlTaXplIjo1MjQyODgwMCwiY29uZmlnT3JpZ2luIjoibmV4dC5jb25maWcubWpzIiwidXNlRmlsZVN5c3RlbVB1YmxpY1JvdXRlcyI6dHJ1ZSwiZ2VuZXJhdGVFdGFncyI6dHJ1ZSwicGFnZUV4dGVuc2lvbnMiOlsidHMiLCJ0c3giLCJtZHgiXSwicG93ZXJlZEJ5SGVhZGVyIjp0cnVlLCJjb21wcmVzcyI6dHJ1ZSwiaW1hZ2VzIjp7ImRldmljZVNpemVzIjpbNjQwLDc1MCw4MjgsMTA4MCwxMjAwLDE5MjAsMjA0OCwzODQwXSwiaW1hZ2VTaXplcyI6WzE2LDMyLDQ4LDY0LDk2LDEyOCwyNTYsMzg0XSwicGF0aCI6Ii9fbmV4dC9pbWFnZSIsImxvYWRlciI6ImRlZmF1bHQiLCJsb2FkZXJGaWxlIjoiIiwiZG9tYWlucyI6WyJpbWFnZXMudW5zcGxhc2guY29tIiwiYXZhdGFycy5naXRodWJ1c2VyY29udGVudC5jb20iLCJ3d3cudHdpbGxvdC5jb20iLCJjZG52Mi5ydWd1b2FwcC5jb20iLCJ3d3cuc2V0dXB5b3VycGF5LmNvbSJdLCJkaXNhYmxlU3RhdGljSW1hZ2VzIjpmYWxzZSwibWluaW11bUNhY2hlVFRMIjo2MCwiZm9ybWF0cyI6WyJpbWFnZS93ZWJwIl0sImRhbmdlcm91c2x5QWxsb3dTVkciOmZhbHNlLCJjb250ZW50U2VjdXJpdHlQb2xpY3kiOiJzY3JpcHQtc3JjICdub25lJzsgZnJhbWUtc3JjICdub25lJzsgc2FuZGJveDsiLCJjb250ZW50RGlzcG9zaXRpb25UeXBlIjoiYXR0YWNobWVudCIsInJlbW90ZVBhdHRlcm5zIjpbXSwidW5vcHRpbWl6ZWQiOmZhbHNlfSwiZGV2SW5kaWNhdG9ycyI6eyJhcHBJc3JTdGF0dXMiOnRydWUsImJ1aWxkQWN0aXZpdHkiOnRydWUsImJ1aWxkQWN0aXZpdHlQb3NpdGlvbiI6ImJvdHRvbS1yaWdodCJ9LCJvbkRlbWFuZEVudHJpZXMiOnsibWF4SW5hY3RpdmVBZ2UiOjYwMDAwLCJwYWdlc0J1ZmZlckxlbmd0aCI6NX0sImFtcCI6eyJjYW5vbmljYWxCYXNlIjoiIn0sImJhc2VQYXRoIjoiIiwic2Fzc09wdGlvbnMiOnt9LCJ0cmFpbGluZ1NsYXNoIjpmYWxzZSwiaTE4biI6bnVsbCwicHJvZHVjdGlvbkJyb3dzZXJTb3VyY2VNYXBzIjpmYWxzZSwiZXhjbHVkZURlZmF1bHRNb21lbnRMb2NhbGVzIjp0cnVlLCJzZXJ2ZXJSdW50aW1lQ29uZmlnIjp7fSwicHVibGljUnVudGltZUNvbmZpZyI6e30sInJlYWN0UHJvZHVjdGlvblByb2ZpbGluZyI6ZmFsc2UsInJlYWN0U3RyaWN0TW9kZSI6dHJ1ZSwicmVhY3RNYXhIZWFkZXJzTGVuZ3RoIjo2MDAwLCJodHRwQWdlbnRPcHRpb25zIjp7ImtlZXBBbGl2ZSI6dHJ1ZX0sImxvZ2dpbmciOnt9LCJleHBpcmVUaW1lIjozMTUzNjAwMCwic3RhdGljUGFnZUdlbmVyYXRpb25UaW1lb3V0Ijo2MCwib3V0cHV0Ijoic3RhbmRhbG9uZSIsIm1vZHVsYXJpemVJbXBvcnRzIjp7IkBtdWkvaWNvbnMtbWF0ZXJpYWwiOnsidHJhbnNmb3JtIjoiQG11aS9pY29ucy1tYXRlcmlhbC97e21lbWJlcn19In0sImxvZGFzaCI6eyJ0cmFuc2Zvcm0iOiJsb2Rhc2gve3ttZW1iZXJ9fSJ9fSwib3V0cHV0RmlsZVRyYWNpbmdSb290IjoiL2FkYXB0YWkvcHJvamVjdHMvbXliaXphaSIsImV4cGVyaW1lbnRhbCI6eyJjYWNoZUxpZmUiOnsiZGVmYXVsdCI6eyJzdGFsZSI6MzAwLCJyZXZhbGlkYXRlIjo5MDAsImV4cGlyZSI6NDI5NDk2NzI5NH0sInNlY29uZHMiOnsic3RhbGUiOjAsInJldmFsaWRhdGUiOjEsImV4cGlyZSI6NjB9LCJtaW51dGVzIjp7InN0YWxlIjozMDAsInJldmFsaWRhdGUiOjYwLCJleHBpcmUiOjM2MDB9LCJob3VycyI6eyJzdGFsZSI6MzAwLCJyZXZhbGlkYXRlIjozNjAwLCJleHBpcmUiOjg2NDAwfSwiZGF5cyI6eyJzdGFsZSI6MzAwLCJyZXZhbGlkYXRlIjo4NjQwMCwiZXhwaXJlIjo2MDQ4MDB9LCJ3ZWVrcyI6eyJzdGFsZSI6MzAwLCJyZXZhbGlkYXRlIjo2MDQ4MDAsImV4cGlyZSI6MjU5MjAwMH0sIm1heCI6eyJzdGFsZSI6MzAwLCJyZXZhbGlkYXRlIjoyNTkyMDAwLCJleHBpcmUiOjQyOTQ5NjcyOTR9fSwiY2FjaGVIYW5kbGVycyI6e30sIm11bHRpWm9uZURyYWZ0TW9kZSI6ZmFsc2UsImFwcE5hdkZhaWxIYW5kbGluZyI6ZmFsc2UsInByZXJlbmRlckVhcmx5RXhpdCI6dHJ1ZSwic2VydmVyTWluaWZpY2F0aW9uIjp0cnVlLCJzZXJ2ZXJTb3VyY2VNYXBzIjpmYWxzZSwibGlua05vVG91Y2hTdGFydCI6ZmFsc2UsImNhc2VTZW5zaXRpdmVSb3V0ZXMiOmZhbHNlLCJwcmVsb2FkRW50cmllc09uU3RhcnQiOnRydWUsImNsaWVudFJvdXRlckZpbHRlciI6dHJ1ZSwiY2xpZW50Um91dGVyRmlsdGVyUmVkaXJlY3RzIjpmYWxzZSwiZmV0Y2hDYWNoZUtleVByZWZpeCI6IiIsIm1pZGRsZXdhcmVQcmVmZXRjaCI6ImZsZXhpYmxlIiwib3B0aW1pc3RpY0NsaWVudENhY2hlIjp0cnVlLCJtYW51YWxDbGllbnRCYXNlUGF0aCI6ZmFsc2UsImNwdXMiOjcsIm1lbW9yeUJhc2VkV29ya2Vyc0NvdW50IjpmYWxzZSwiaW1nT3B0Q29uY3VycmVuY3kiOm51bGwsImltZ09wdFRpbWVvdXRJblNlY29uZHMiOjcsImltZ09wdE1heElucHV0UGl4ZWxzIjoyNjg0MDI2ODksImltZ09wdFNlcXVlbnRpYWxSZWFkIjpudWxsLCJpc3JGbHVzaFRvRGlzayI6dHJ1ZSwid29ya2VyVGhyZWFkcyI6ZmFsc2UsIm9wdGltaXplQ3NzIjpmYWxzZSwibmV4dFNjcmlwdFdvcmtlcnMiOmZhbHNlLCJzY3JvbGxSZXN0b3JhdGlvbiI6ZmFsc2UsImV4dGVybmFsRGlyIjpmYWxzZSwiZGlzYWJsZU9wdGltaXplZExvYWRpbmciOmZhbHNlLCJnemlwU2l6ZSI6dHJ1ZSwiY3JhQ29tcGF0IjpmYWxzZSwiZXNtRXh0ZXJuYWxzIjp0cnVlLCJmdWxseVNwZWNpZmllZCI6ZmFsc2UsInN3Y1RyYWNlUHJvZmlsaW5nIjpmYWxzZSwiZm9yY2VTd2NUcmFuc2Zvcm1zIjpmYWxzZSwibGFyZ2VQYWdlRGF0YUJ5dGVzIjoxMjgwMDAsInR1cmJvIjp7InJ1bGVzIjp7IioubWR4Ijp7ImxvYWRlcnMiOlt7ImxvYWRlciI6Ii9hZGFwdGFpL3Byb2plY3RzL215Yml6YWkvbm9kZV9tb2R1bGVzL0BuZXh0L21keC9tZHgtcnMtbG9hZGVyLmpzIiwib3B0aW9ucyI6eyJwcm92aWRlckltcG9ydFNvdXJjZSI6Im5leHQtbWR4LWltcG9ydC1zb3VyY2UtZmlsZSJ9fV0sImFzIjoiKi50c3gifX0sInJlc29sdmVBbGlhcyI6eyJuZXh0LW1keC1pbXBvcnQtc291cmNlLWZpbGUiOiJAdmVyY2VsL3R1cmJvcGFjay1uZXh0L21keC1pbXBvcnQtc291cmNlIn0sInJvb3QiOiIvYWRhcHRhaS9wcm9qZWN0cy9teWJpemFpIn0sInR5cGVkUm91dGVzIjpmYWxzZSwidHlwZWRFbnYiOmZhbHNlLCJwYXJhbGxlbFNlcnZlckNvbXBpbGVzIjpmYWxzZSwicGFyYWxsZWxTZXJ2ZXJCdWlsZFRyYWNlcyI6ZmFsc2UsInBwciI6ZmFsc2UsInJlYWN0T3duZXJTdGFjayI6ZmFsc2UsIndlYnBhY2tNZW1vcnlPcHRpbWl6YXRpb25zIjpmYWxzZSwib3B0aW1pemVTZXJ2ZXJSZWFjdCI6dHJ1ZSwidXNlRWFybHlJbXBvcnQiOmZhbHNlLCJzdGFsZVRpbWVzIjp7ImR5bmFtaWMiOjAsInN0YXRpYyI6MzAwfSwiYWZ0ZXIiOmZhbHNlLCJzZXJ2ZXJDb21wb25lbnRzSG1yQ2FjaGUiOnRydWUsInN0YXRpY0dlbmVyYXRpb25NYXhDb25jdXJyZW5jeSI6OCwic3RhdGljR2VuZXJhdGlvbk1pblBhZ2VzUGVyV29ya2VyIjoyNSwiZHluYW1pY0lPIjpmYWxzZSwibWR4UnMiOnRydWUsIm9wdGltaXplUGFja2FnZUltcG9ydHMiOlsibHVjaWRlLXJlYWN0IiwiZGF0ZS1mbnMiLCJsb2Rhc2gtZXMiLCJyYW1kYSIsImFudGQiLCJyZWFjdC1ib290c3RyYXAiLCJhaG9va3MiLCJAYW50LWRlc2lnbi9pY29ucyIsIkBoZWFkbGVzc3VpL3JlYWN0IiwiQGhlYWRsZXNzdWktZmxvYXQvcmVhY3QiLCJAaGVyb2ljb25zL3JlYWN0LzIwL3NvbGlkIiwiQGhlcm9pY29ucy9yZWFjdC8yNC9zb2xpZCIsIkBoZXJvaWNvbnMvcmVhY3QvMjQvb3V0bGluZSIsIkB2aXN4L3Zpc3giLCJAdHJlbW9yL3JlYWN0IiwicnhqcyIsIkBtdWkvbWF0ZXJpYWwiLCJAbXVpL2ljb25zLW1hdGVyaWFsIiwicmVjaGFydHMiLCJyZWFjdC11c2UiLCJlZmZlY3QiLCJAZWZmZWN0L3NjaGVtYSIsIkBlZmZlY3QvcGxhdGZvcm0iLCJAZWZmZWN0L3BsYXRmb3JtLW5vZGUiLCJAZWZmZWN0L3BsYXRmb3JtLWJyb3dzZXIiLCJAZWZmZWN0L3BsYXRmb3JtLWJ1biIsIkBlZmZlY3Qvc3FsIiwiQGVmZmVjdC9zcWwtbXNzcWwiLCJAZWZmZWN0L3NxbC1teXNxbDIiLCJAZWZmZWN0L3NxbC1wZyIsIkBlZmZlY3Qvc3FsLXNxdWxpdGUtbm9kZSIsIkBlZmZlY3Qvc3FsLXNxdWxpdGUtYnVuIiwiQGVmZmVjdC9zcWwtc3F1bGl0ZS13YXNtIiwiQGVmZmVjdC9zcWwtc3F1bGl0ZS1yZWFjdC1uYXRpdmUiLCJAZWZmZWN0L3JwYyIsIkBlZmZlY3QvcnBjLWh0dHAiLCJAZWZmZWN0L3R5cGVjbGFzcyIsIkBlZmZlY3QvZXhwZXJpbWVudGFsIiwiQGVmZmVjdC9vcGVudGVsZW1ldHJ5IiwiQG1hdGVyaWFsLXVpL2NvcmUiLCJAbWF0ZXJpYWwtdWkvaWNvbnMiLCJAdGFibGVyL2ljb25zLXJlYWN0IiwibXVpLWNvcmUiLCJyZWFjdC1pY29ucy9haSIsInJlYWN0LWljb25zL2JpIiwicmVhY3QtaWNvbnMvYnMiLCJyZWFjdC1pY29ucy9jZyIsInJlYWN0LWljb25zL2NpIiwicmVhY3QtaWNvbnMvZGkiLCJyZWFjdC1pY29ucy9mYSIsInJlYWN0LWljb25zL2ZhNiIsInJlYWN0LWljb25zL2ZjIiwicmVhY3QtaWNvbnMvZmkiLCJyZWFjdC1pY29ucy9naSIsInJlYWN0LWljb25zL2dvIiwicmVhY3QtaWNvbnMvZ3IiLCJyZWFjdC1pY29ucy9oaSIsInJlYWN0LWljb25zL2hpMiIsInJlYWN0LWljb25zL2ltIiwicmVhY3QtaWNvbnMvaW8iLCJyZWFjdC1pY29ucy9pbzUiLCJyZWFjdC1pY29ucy9saWEiLCJyZWFjdC1pY29ucy9saWIiLCJyZWFjdC1pY29ucy9sdSIsInJlYWN0LWljb25zL21kIiwicmVhY3QtaWNvbnMvcGkiLCJyZWFjdC1pY29ucy9yaSIsInJlYWN0LWljb25zL3J4IiwicmVhY3QtaWNvbnMvc2kiLCJyZWFjdC1pY29ucy9zbCIsInJlYWN0LWljb25zL3RiIiwicmVhY3QtaWNvbnMvdGZpIiwicmVhY3QtaWNvbnMvdGkiLCJyZWFjdC1pY29ucy92c2MiLCJyZWFjdC1pY29ucy93aSJdfSwiYnVuZGxlUGFnZXNSb3V0ZXJEZXBlbmRlbmNpZXMiOmZhbHNlLCJjb25maWdGaWxlIjoiL2FkYXB0YWkvcHJvamVjdHMvbXliaXphaS9hcHBzL25leHRqcy9uZXh0LmNvbmZpZy5tanMiLCJjb25maWdGaWxlTmFtZSI6Im5leHQuY29uZmlnLm1qcyIsInRyYW5zcGlsZVBhY2thZ2VzIjpbIkBzYWFzZmx5L2FwaSIsIkBzYWFzZmx5L2F1dGgiLCJAc2Fhc2ZseS9kYiIsIkBzYWFzZmx5L2NvbW1vbiIsIkBzYWFzZmx5L3VpIiwiQHNhYXNmbHkvc3RyaXBlIl0sIl9vcmlnaW5hbFJld3JpdGVzIjp7ImJlZm9yZUZpbGVzIjpbXSwiYWZ0ZXJGaWxlcyI6W10sImZhbGxiYWNrIjpbXX19&preferredRegion=&middlewareConfig=e30%3D!
@saasfly/nextjs:build: 
@saasfly/nextjs:build: 
@saasfly/nextjs:build: > Build failed because of webpack errors
@saasfly/nextjs:build: error: script "with-env" exited with code 1
@saasfly/nextjs:build: error: script "build" exited with code 1
@saasfly/nextjs:build: ERROR: command finished with error: command (/adaptai/projects/mybizai/apps/nextjs) /home/x/.bun/bin/bun run build exited (1)
@saasfly/nextjs#build: command (/adaptai/projects/mybizai/apps/nextjs) /home/x/.bun/bin/bun run build exited (1)

 Tasks:    0 successful, 1 total
Cached:    0 cached, 1 total
  Time:    44.589s 
Failed:    @saasfly/nextjs#build

 ERROR  run failed: command  exited (1)
error: script "build" exited with code 1
